[load] 14,961 rows
[subsample] kept 4,000 rows for transformer training
[split] train=2,880  val=320  test=800
[train] fine-tuning distilbert-base-uncased for 2 epochs on CPU ...
Warning: You are sending unauthenticated requests to the HF Hub. Please set a HF_TOKEN to enable higher rate limits and faster downloads.
Loading weights:   0%|          | 0/100 [00:00<?, ?it/s]Loading weights: 100%|██████████| 100/100 [00:00<00:00, 7233.80it/s]
[transformers] [1mDistilBertForSequenceClassification LOAD REPORT[0m from: distilbert-base-uncased
Key                     | Status     | 
------------------------+------------+-
vocab_layer_norm.weight | UNEXPECTED | 
vocab_projector.bias    | UNEXPECTED | 
vocab_transform.bias    | UNEXPECTED | 
vocab_layer_norm.bias   | UNEXPECTED | 
vocab_transform.weight  | UNEXPECTED | 
pre_classifier.weight   | MISSING    | 
classifier.bias         | MISSING    | 
classifier.weight       | MISSING    | 
pre_classifier.bias     | MISSING    | 

Notes:
- UNEXPECTED:	can be ignored when loading from different task/architecture; not ok if you expect identical arch.
- MISSING:	those params were newly initialized because missing from the checkpoint. Consider training on your downstream task.
  epoch 1/2  train_loss=0.6241  val_loss=0.4819  val_acc=0.7656
  epoch 2/2  train_loss=0.4683  val_loss=0.4744  val_acc=0.7469
Writing model shards:   0%|          | 0/1 [00:00<?, ?it/s]Writing model shards: 100%|██████████| 1/1 [00:00<00:00,  7.68it/s]Writing model shards: 100%|██████████| 1/1 [00:00<00:00,  7.59it/s]
[eval] running on test split ...
[metrics] acc=0.7338  f1=0.6687  macro_f1=0.7231  roc_auc=0.796422351372559
                  precision    recall  f1-score   support

non_manipulative       0.74      0.81      0.78       457
    manipulative       0.72      0.63      0.67       343

        accuracy                           0.73       800
       macro avg       0.73      0.72      0.72       800
    weighted avg       0.73      0.73      0.73       800

[save] distilbert metrics, history, predictions written
